** Drc report for badge.kicad_pcb **
** Created on 2026-09-13T17:24:57+0000 **
** Report includes: Errors **

** Found 0 DRC violations **

** Found 89 unconnected pads **
[unconnected_items]: Missing connection between items
    Local override; error
    @(72.7000 mm, 76.3625 mm): Pad B4 [VBUS] of J3 on B.Cu
    @(77.3000 mm, 76.3625 mm): Pad B9 [VBUS] of J3 on B.Cu
[unconnected_items]: Missing connection between items
    Local override; error
    @(77.5750 mm, 76.3625 mm): Pad A4 [VBUS] of J3 on B.Cu
    @(78.8625 mm, 70.9500 mm): Pad 4 [VBUS] of U3 on B.Cu
[unconnected_items]: Missing connection between items
    Local override; error
    @(86.5000 mm, 76.9900 mm): Pad 1 [VBUS] of R4 on B.Cu
    @(87.5000 mm, 71.2250 mm): Pad 1 [VBUS] of C1 on B.Cu
[unconnected_items]: Missing connection between items
    Local override; error
    @(87.5000 mm, 71.2250 mm): Pad 1 [VBUS] of C1 on B.Cu
    @(78.8625 mm, 70.9500 mm): Pad 4 [VBUS] of U3 on B.Cu
[unconnected_items]: Missing connection between items
    Local override; error
    @(67.5000 mm, 77.9900 mm): Pad 1 [CC1] of R1 on B.Cu
    @(76.2500 mm, 76.3625 mm): Pad A5 [CC1] of J3 on B.Cu
[unconnected_items]: Missing connection between items
    Local override; error
    @(73.2500 mm, 76.3625 mm): Pad B5 [CC2] of J3 on B.Cu
    @(83.0000 mm, 77.9900 mm): Pad 1 [CC2] of R2 on B.Cu
[unconnected_items]: Missing connection between items
    Local override; error
    @(65.9000 mm, 51.9000 mm): Pad 27 [USB_DP] of U1 on B.Cu
    @(74.2500 mm, 76.3625 mm): Pad B6 [USB_DP] of J3 on B.Cu
[unconnected_items]: Missing connection between items
    Local override; error
    @(74.2500 mm, 76.3625 mm): Pad B6 [USB_DP] of J3 on B.Cu
    @(75.2500 mm, 76.3625 mm): Pad A6 [USB_DP] of J3 on B.Cu
[unconnected_items]: Missing connection between items
    Local override; error
    @(65.9000 mm, 51.1000 mm): Pad 26 [USB_DN] of U1 on B.Cu
    @(74.7500 mm, 76.3625 mm): Pad A7 [USB_DN] of J3 on B.Cu
[unconnected_items]: Missing connection between items
    Local override; error
    @(74.7500 mm, 76.3625 mm): Pad A7 [USB_DN] of J3 on B.Cu
    @(75.7500 mm, 76.3625 mm): Pad B7 [USB_DN] of J3 on B.Cu
[unconnected_items]: Missing connection between items
    Local override; error
    @(81.1375 mm, 69.0500 mm): Pad 1 [CHRG_STAT] of U3 on B.Cu
    @(87.2875 mm, 81.0000 mm): Pad 1 [CHRG_STAT] of D4 on B.Cu
[unconnected_items]: Missing connection between items
    Local override; error
    @(10.5000 mm, 56.3250 mm): Pad 1 [VBAT] of J2 on B.Cu
    @(5.0000 mm, 62.0000 mm): Pad 1 [VBAT] of TP4 on B.Cu
[unconnected_items]: Missing connection between items
    Local override; error
    @(70.5100 mm, 60.5000 mm): Pad 1 [VBAT] of R5 on B.Cu
    @(70.5000 mm, 66.0200 mm): Pad 1 [VBAT] of C3 on B.Cu
[unconnected_items]: Missing connection between items
    Local override; error
    @(70.5100 mm, 60.5000 mm): Pad 1 [VBAT] of R5 on B.Cu
    @(10.5000 mm, 56.3250 mm): Pad 1 [VBAT] of J2 on B.Cu
[unconnected_items]: Missing connection between items
    Local override; error
    @(75.1375 mm, 65.5500 mm): Pad 1 [VBAT] of U4 on B.Cu
    @(70.5000 mm, 66.0200 mm): Pad 1 [VBAT] of C3 on B.Cu
[unconnected_items]: Missing connection between items
    Local override; error
    @(75.1375 mm, 67.4500 mm): Pad 3 [VBAT] of U4 on B.Cu
    @(75.1375 mm, 65.5500 mm): Pad 1 [VBAT] of U4 on B.Cu
[unconnected_items]: Missing connection between items
    Local override; error
    @(75.1375 mm, 67.4500 mm): Pad 3 [VBAT] of U4 on B.Cu
    @(81.1375 mm, 70.9500 mm): Pad 3 [VBAT] of U3 on B.Cu
[unconnected_items]: Missing connection between items
    Local override; error
    @(81.1375 mm, 70.9500 mm): Pad 3 [VBAT] of U3 on B.Cu
    @(84.2750 mm, 73.5000 mm): Pad 1 [VBAT] of C2 on B.Cu
[unconnected_items]: Missing connection between items
    Local override; error
    @(77.0100 mm, 72.5000 mm): Pad 1 [PROG] of R3 on B.Cu
    @(78.8625 mm, 69.0500 mm): Pad 5 [PROG] of U3 on B.Cu
[unconnected_items]: Missing connection between items
    Local override; error
    @(85.7125 mm, 81.0000 mm): Pad 2 [LED_CHRG_A] of D4 on B.Cu
    @(86.5000 mm, 78.0100 mm): Pad 2 [LED_CHRG_A] of R4 on B.Cu
[unconnected_items]: Missing connection between items
    Local override; error
    @(39.4375 mm, 58.4500 mm): Pad 2 [+3V3] of Q2 on B.Cu
    @(5.0000 mm, 65.0000 mm): Pad 1 [+3V3] of TP2 on B.Cu
[unconnected_items]: Missing connection between items
    Local override; error
    @(51.5000 mm, 53.5200 mm): Pad 1 [+3V3] of C7 on B.Cu
    @(51.5000 mm, 50.8900 mm): Pad 1 [+3V3] of R7 on B.Cu
[unconnected_items]: Missing connection between items
    Local override; error
    @(51.5000 mm, 55.8250 mm): Pad 1 [+3V3] of C6 on B.Cu
    @(51.5000 mm, 53.5200 mm): Pad 1 [+3V3] of C7 on B.Cu
[unconnected_items]: Missing connection between items
    Local override; error
    @(51.5000 mm, 55.8250 mm): Pad 1 [+3V3] of C6 on B.Cu
    @(39.4375 mm, 58.4500 mm): Pad 2 [+3V3] of Q2 on B.Cu
[unconnected_items]: Missing connection between items
    Local override; error
    @(54.1000 mm, 56.7000 mm): Pad 3 [+3V3] of U1 on B.Cu
    @(51.5000 mm, 55.8250 mm): Pad 1 [+3V3] of C6 on B.Cu
[unconnected_items]: Missing connection between items
    Local override; error
    @(54.1000 mm, 56.7000 mm): Pad 3 [+3V3] of U1 on B.Cu
    @(69.0000 mm, 56.2900 mm): Pad 1 [+3V3] of R10 on B.Cu
[unconnected_items]: Missing connection between items
    Local override; error
    @(69.0000 mm, 53.4900 mm): Pad 1 [+3V3] of R8 on B.Cu
    @(69.0000 mm, 56.2900 mm): Pad 1 [+3V3] of R10 on B.Cu
[unconnected_items]: Missing connection between items
    Local override; error
    @(69.0000 mm, 53.4900 mm): Pad 1 [+3V3] of R8 on B.Cu
    @(71.5250 mm, 49.5950 mm): Pad 8 [+3V3] of U2 on B.Cu
[unconnected_items]: Missing connection between items
    Local override; error
    @(69.0000 mm, 56.2900 mm): Pad 1 [+3V3] of R10 on B.Cu
    @(72.8625 mm, 65.5500 mm): Pad 5 [+3V3] of U4 on B.Cu
[unconnected_items]: Missing connection between items
    Local override; error
    @(71.5250 mm, 49.5950 mm): Pad 8 [+3V3] of U2 on B.Cu
    @(68.5000 mm, 48.5200 mm): Pad 1 [+3V3] of C9 on B.Cu
[unconnected_items]: Missing connection between items
    Local override; error
    @(72.8625 mm, 65.5500 mm): Pad 5 [+3V3] of U4 on B.Cu
    @(78.2750 mm, 63.5000 mm): Pad 1 [+3V3] of C4 on B.Cu
[unconnected_items]: Missing connection between items
    Local override; error
    @(72.8625 mm, 65.5500 mm): Pad 5 [+3V3] of U4 on B.Cu
    @(65.5100 mm, 78.0000 mm): Pad 1 [+3V3] of R9 on B.Cu
[unconnected_items]: Missing connection between items
    Local override; error
    @(80.0000 mm, 50.9900 mm): Pad 1 [+3V3] of R11 on B.Cu
    @(82.0000 mm, 50.9900 mm): Pad 1 [+3V3] of R12 on B.Cu
[unconnected_items]: Missing connection between items
    Local override; error
    @(80.0000 mm, 50.9900 mm): Pad 1 [+3V3] of R11 on B.Cu
    @(71.5250 mm, 49.5950 mm): Pad 8 [+3V3] of U2 on B.Cu
[unconnected_items]: Missing connection between items
    Local override; error
    @(84.0000 mm, 50.9900 mm): Pad 1 [+3V3] of R13 on B.Cu
    @(82.0000 mm, 50.9900 mm): Pad 1 [+3V3] of R12 on B.Cu
[unconnected_items]: Missing connection between items
    Local override; error
    @(55.2000 mm, 49.4000 mm): Pad 12 [BAT_SENSE] of U1 on B.Cu
    @(69.4900 mm, 60.5000 mm): Pad 2 [BAT_SENSE] of R5 on B.Cu
[unconnected_items]: Missing connection between items
    Local override; error
    @(69.4900 mm, 60.5000 mm): Pad 2 [BAT_SENSE] of R5 on B.Cu
    @(73.5100 mm, 60.5000 mm): Pad 1 [BAT_SENSE] of R6 on B.Cu
[unconnected_items]: Missing connection between items
    Local override; error
    @(73.5100 mm, 60.5000 mm): Pad 1 [BAT_SENSE] of R6 on B.Cu
    @(76.4800 mm, 60.5000 mm): Pad 1 [BAT_SENSE] of C5 on B.Cu
[unconnected_items]: Missing connection between items
    Local override; error
    @(11.9250 mm, 79.4250 mm): Pad 1 [EN] of SW1 on B.Cu
    @(16.0750 mm, 79.4250 mm): Pad 1 [EN] of SW1 on B.Cu
[unconnected_items]: Missing connection between items
    Local override; error
    @(16.0750 mm, 79.4250 mm): Pad 1 [EN] of SW1 on B.Cu
    @(51.5000 mm, 51.9100 mm): Pad 2 [EN] of R7 on B.Cu
[unconnected_items]: Missing connection between items
    Local override; error
    @(51.5000 mm, 48.3200 mm): Pad 1 [EN] of C8 on B.Cu
    @(51.5000 mm, 51.9100 mm): Pad 2 [EN] of R7 on B.Cu
[unconnected_items]: Missing connection between items
    Local override; error
    @(51.5000 mm, 51.9100 mm): Pad 2 [EN] of R7 on B.Cu
    @(54.1000 mm, 52.7000 mm): Pad 8 [EN] of U1 on B.Cu
[unconnected_items]: Missing connection between items
    Local override; error
    @(56.0000 mm, 49.4000 mm): Pad 13 [NFC_GPO] of U1 on B.Cu
    @(71.5250 mm, 50.8650 mm): Pad 7 [NFC_GPO] of U2 on B.Cu
[unconnected_items]: Missing connection between items
    Local override; error
    @(71.5250 mm, 50.8650 mm): Pad 7 [NFC_GPO] of U2 on B.Cu
    @(84.0000 mm, 52.0100 mm): Pad 2 [NFC_GPO] of R13 on B.Cu
[unconnected_items]: Missing connection between items
    Local override; error
    @(54.1000 mm, 55.1000 mm): Pad 5 [EPD_PWR_EN] of U1 on B.Cu
    @(39.4375 mm, 56.5500 mm): Pad 1 [EPD_PWR_EN] of Q2 on B.Cu
[unconnected_items]: Missing connection between items
    Local override; error
    @(69.0000 mm, 57.3100 mm): Pad 2 [EPD_PWR_EN] of R10 on B.Cu
    @(54.1000 mm, 55.1000 mm): Pad 5 [EPD_PWR_EN] of U1 on B.Cu
[unconnected_items]: Missing connection between items
    Local override; error
    @(41.7500 mm, 71.1500 mm): Pad 9 [EPD_BUSY] of J1 on B.Cu
    @(54.1000 mm, 54.3000 mm): Pad 6 [EPD_BUSY] of U1 on B.Cu
[unconnected_items]: Missing connection between items
    Local override; error
    @(60.0000 mm, 49.4000 mm): Pad 18 [I2C_SDA] of U1 on B.Cu
    @(71.5250 mm, 53.4050 mm): Pad 5 [I2C_SDA] of U2 on B.Cu
[unconnected_items]: Missing connection between items
    Local override; error
    @(71.5250 mm, 53.4050 mm): Pad 5 [I2C_SDA] of U2 on B.Cu
    @(80.0000 mm, 52.0100 mm): Pad 2 [I2C_SDA] of R11 on B.Cu
[unconnected_items]: Missing connection between items
    Local override; error
    @(60.8000 mm, 49.4000 mm): Pad 19 [I2C_SCL] of U1 on B.Cu
    @(71.5250 mm, 52.1350 mm): Pad 6 [I2C_SCL] of U2 on B.Cu
[unconnected_items]: Missing connection between items
    Local override; error
    @(71.5250 mm, 52.1350 mm): Pad 6 [I2C_SCL] of U2 on B.Cu
    @(82.0000 mm, 52.0100 mm): Pad 2 [I2C_SCL] of R12 on B.Cu
[unconnected_items]: Missing connection between items
    Local override; error
    @(39.7500 mm, 71.1500 mm): Pad 13 [EPD_SCK] of J1 on B.Cu
    @(61.6000 mm, 49.4000 mm): Pad 20 [EPD_SCK] of U1 on B.Cu
[unconnected_items]: Missing connection between items
    Local override; error
    @(39.2500 mm, 71.1500 mm): Pad 14 [EPD_MOSI] of J1 on B.Cu
    @(62.4000 mm, 49.4000 mm): Pad 21 [EPD_MOSI] of U1 on B.Cu
[unconnected_items]: Missing connection between items
    Local override; error
    @(63.2000 mm, 49.4000 mm): Pad 22 [LED_STAT_n] of U1 on B.Cu
    @(65.7875 mm, 81.0000 mm): Pad 1 [LED_STAT_n] of D5 on B.Cu
[unconnected_items]: Missing connection between items
    Local override; error
    @(20.4250 mm, 79.4250 mm): Pad 1 [BOOT_n] of SW2 on B.Cu
    @(24.5750 mm, 79.4250 mm): Pad 1 [BOOT_n] of SW2 on B.Cu
[unconnected_items]: Missing connection between items
    Local override; error
    @(64.0000 mm, 49.4000 mm): Pad 23 [BOOT_n] of U1 on B.Cu
    @(24.5750 mm, 79.4250 mm): Pad 1 [BOOT_n] of SW2 on B.Cu
[unconnected_items]: Missing connection between items
    Local override; error
    @(69.0000 mm, 54.5100 mm): Pad 2 [BOOT_n] of R8 on B.Cu
    @(64.0000 mm, 49.4000 mm): Pad 23 [BOOT_n] of U1 on B.Cu
[unconnected_items]: Missing connection between items
    Local override; error
    @(40.2500 mm, 71.1500 mm): Pad 12 [EPD_CS] of J1 on B.Cu
    @(58.4000 mm, 49.4000 mm): Pad 16 [EPD_CS] of U1 on B.Cu
[unconnected_items]: Missing connection between items
    Local override; error
    @(40.7500 mm, 71.1500 mm): Pad 11 [EPD_DC] of J1 on B.Cu
    @(65.9000 mm, 54.3000 mm): Pad 30 [EPD_DC] of U1 on B.Cu
[unconnected_items]: Missing connection between items
    Local override; error
    @(41.2500 mm, 71.1500 mm): Pad 10 [EPD_RST] of J1 on B.Cu
    @(65.9000 mm, 55.1000 mm): Pad 31 [EPD_RST] of U1 on B.Cu
[unconnected_items]: Missing connection between items
    Local override; error
    @(64.2125 mm, 81.0000 mm): Pad 2 [LED_STAT_A] of D5 on B.Cu
    @(64.4900 mm, 78.0000 mm): Pad 2 [LED_STAT_A] of R9 on B.Cu
[unconnected_items]: Missing connection between items
    Local override; error
    @(76.4750 mm, 49.5950 mm): Pad 1 [NFC_VEH] of U2 on B.Cu
    @(68.5000 mm, 50.9200 mm): Pad 1 [NFC_VEH] of C10 on B.Cu
[unconnected_items]: Missing connection between items
    Local override; error
    @(87.5000 mm, 49.6000 mm): Pad 1 [NFC_VEH] of TP1 on B.Cu
    @(76.4750 mm, 49.5950 mm): Pad 1 [NFC_VEH] of U2 on B.Cu
[unconnected_items]: Missing connection between items
    Local override; error
    @(76.4750 mm, 50.8650 mm): Pad 2 [NFC_AC0] of U2 on B.Cu
    @(82.9800 mm, 48.9000 mm): Pad 1 [NFC_AC0] of C11 on B.Cu
[unconnected_items]: Missing connection between items
    Local override; error
    @(82.9800 mm, 48.9000 mm): Pad 1 [NFC_AC0] of C11 on B.Cu
    @(88.0000 mm, 46.6000 mm): Pad 1 [NFC_AC0] of ANT1 on B.Cu
[unconnected_items]: Missing connection between items
    Local override; error
    @(77.0000 mm, 46.6000 mm): Pad 2 [NFC_AC1] of ANT1 on F.Cu
    @(76.4750 mm, 52.1350 mm): Pad 3 [NFC_AC1] of U2 on B.Cu
[unconnected_items]: Missing connection between items
    Local override; error
    @(82.0200 mm, 48.9000 mm): Pad 2 [NFC_AC1] of C11 on B.Cu
    @(77.0000 mm, 46.6000 mm): Pad 2 [NFC_AC1] of ANT1 on F.Cu
[unconnected_items]: Missing connection between items
    Local override; error
    @(29.9375 mm, 56.5500 mm): Pad 1 [EPD_GDR] of Q1 on B.Cu
    @(45.2500 mm, 71.1500 mm): Pad 2 [EPD_GDR] of J1 on B.Cu
[unconnected_items]: Missing connection between items
    Local override; error
    @(29.9375 mm, 58.4500 mm): Pad 2 [EPD_RESE] of Q1 on B.Cu
    @(25.0100 mm, 61.0000 mm): Pad 1 [EPD_RESE] of R14 on B.Cu
[unconnected_items]: Missing connection between items
    Local override; error
    @(44.7500 mm, 71.1500 mm): Pad 3 [EPD_RESE] of J1 on B.Cu
    @(29.9375 mm, 58.4500 mm): Pad 2 [EPD_RESE] of Q1 on B.Cu
[unconnected_items]: Missing connection between items
    Local override; error
    @(28.7750 mm, 64.5000 mm): Pad 1 [EPD_VSH2] of C19 on B.Cu
    @(43.7500 mm, 71.1500 mm): Pad 5 [EPD_VSH2] of J1 on B.Cu
[unconnected_items]: Missing connection between items
    Local override; error
    @(37.5625 mm, 57.5000 mm): Pad 3 [EPD_VCI] of Q2 on B.Cu
    @(25.6500 mm, 57.5000 mm): Pad 1 [EPD_VCI] of L1 on B.Cu
[unconnected_items]: Missing connection between items
    Local override; error
    @(38.2500 mm, 71.1500 mm): Pad 16 [EPD_VCI] of J1 on B.Cu
    @(38.7500 mm, 71.1500 mm): Pad 15 [EPD_VCI] of J1 on B.Cu
[unconnected_items]: Missing connection between items
    Local override; error
    @(38.2500 mm, 71.1500 mm): Pad 16 [EPD_VCI] of J1 on B.Cu
    @(37.5625 mm, 57.5000 mm): Pad 3 [EPD_VCI] of Q2 on B.Cu
[unconnected_items]: Missing connection between items
    Local override; error
    @(43.2750 mm, 57.5000 mm): Pad 1 [EPD_VCI] of C12 on B.Cu
    @(37.5625 mm, 57.5000 mm): Pad 3 [EPD_VCI] of Q2 on B.Cu
[unconnected_items]: Missing connection between items
    Local override; error
    @(45.9800 mm, 57.5000 mm): Pad 1 [EPD_VCI] of C13 on B.Cu
    @(43.2750 mm, 57.5000 mm): Pad 1 [EPD_VCI] of C12 on B.Cu
[unconnected_items]: Missing connection between items
    Local override; error
    @(37.2500 mm, 71.1500 mm): Pad 18 [EPD_VDD] of J1 on B.Cu
    @(42.4800 mm, 64.5000 mm): Pad 1 [EPD_VDD] of C14 on B.Cu
[unconnected_items]: Missing connection between items
    Local override; error
    @(25.2750 mm, 64.5000 mm): Pad 1 [EPD_VSH1] of C18 on B.Cu
    @(36.2500 mm, 71.1500 mm): Pad 20 [EPD_VSH1] of J1 on B.Cu
[unconnected_items]: Missing connection between items
    Local override; error
    @(35.7500 mm, 71.1500 mm): Pad 21 [EPD_VGH] of J1 on B.Cu
    @(43.9500 mm, 61.0000 mm): Pad 1 [EPD_VGH] of C16 on B.Cu
[unconnected_items]: Missing connection between items
    Local override; error
    @(43.9500 mm, 61.0000 mm): Pad 1 [EPD_VGH] of C16 on B.Cu
    @(35.1500 mm, 57.5000 mm): Pad 1 [EPD_VGH] of D1 on B.Cu
[unconnected_items]: Missing connection between items
    Local override; error
    @(32.2750 mm, 64.5000 mm): Pad 1 [EPD_VSL] of C20 on B.Cu
    @(35.2500 mm, 71.1500 mm): Pad 22 [EPD_VSL] of J1 on B.Cu
[unconnected_items]: Missing connection between items
    Local override; error
    @(37.0500 mm, 61.0000 mm): Pad 2 [EPD_VGL] of D3 on B.Cu
    @(34.7500 mm, 71.1500 mm): Pad 23 [EPD_VGL] of J1 on B.Cu
[unconnected_items]: Missing connection between items
    Local override; error
    @(47.7500 mm, 61.0000 mm): Pad 1 [EPD_VGL] of C17 on B.Cu
    @(37.0500 mm, 61.0000 mm): Pad 2 [EPD_VGL] of D3 on B.Cu
[unconnected_items]: Missing connection between items
    Local override; error
    @(34.2500 mm, 71.1500 mm): Pad 24 [EPD_VCOM] of J1 on B.Cu
    @(35.7750 mm, 64.5000 mm): Pad 1 [EPD_VCOM] of C21 on B.Cu
[unconnected_items]: Missing connection between items
    Local override; error
    @(28.0625 mm, 57.5000 mm): Pad 3 [EPD_SW] of Q1 on B.Cu
    @(29.9500 mm, 61.0000 mm): Pad 1 [EPD_SW] of C15 on B.Cu
[unconnected_items]: Missing connection between items
    Local override; error
    @(28.0625 mm, 57.5000 mm): Pad 3 [EPD_SW] of Q1 on B.Cu
    @(23.3500 mm, 57.5000 mm): Pad 2 [EPD_SW] of L1 on B.Cu
[unconnected_items]: Missing connection between items
    Local override; error
    @(31.8500 mm, 57.5000 mm): Pad 2 [EPD_SW] of D1 on B.Cu
    @(28.0625 mm, 57.5000 mm): Pad 3 [EPD_SW] of Q1 on B.Cu
[unconnected_items]: Missing connection between items
    Local override; error
    @(28.0500 mm, 61.0000 mm): Pad 2 [EPD_PUMP] of C15 on B.Cu
    @(31.8500 mm, 61.0000 mm): Pad 2 [EPD_PUMP] of D2 on B.Cu
[unconnected_items]: Missing connection between items
    Local override; error
    @(31.8500 mm, 61.0000 mm): Pad 2 [EPD_PUMP] of D2 on B.Cu
    @(40.3500 mm, 61.0000 mm): Pad 1 [EPD_PUMP] of D3 on B.Cu

** Found 0 Footprint errors **

** End of Report **
