2026-09-15 00:54:52.119 INFO   Freerouting v2.4.1 (build-date: 2026-09-03)
2026-09-15 00:54:53.597 INFO   Opening 'badge.dsn'...
2026-09-15 00:54:54.081 INFO   [76EA1A\55F789] Loading board file 'badge.dsn'...
2026-09-15 00:54:59.398 INFO   [76EA1A\55F789] Starting routing of 'badge' on 1 thread...
2026-09-15 00:54:59.472 INFO   [76EA1A\55F789] Fanout stage started on board 'ffc5e1f3da6c5c6d7279f2f0ba204a1f' with 203 of 229 SMD pins needing fanout (0 already connected, 26 netless).
2026-09-15 00:55:04.874 INFO   [76EA1A\55F789] Fanout pass #1 on board '5fcf182ba4e79d2df3df69a343f74df2' completed in 5.37 seconds with 189 SMD pins fanouted, 5 not routed, 0 insert errors, +77 extra vias (0 SMD pins still to check in pass, ripup costs=100).
2026-09-15 00:55:06.630 INFO   [76EA1A\55F789] Fanout pass #2 on board '12fa860f42be891466664127d619554f' completed in 1.74 seconds with 29 SMD pins fanouted, 8 not routed, 0 insert errors, +14 extra vias (0 SMD pins still to check in pass, ripup costs=200).
2026-09-15 00:55:07.214 INFO   [76EA1A\55F789] Fanout pass #3 on board '106843370cc9fcac0f4d49988f4e3b4f' completed in 0.57 seconds with 7 SMD pins fanouted, 6 not routed, 0 insert errors, +3 extra vias (0 SMD pins still to check in pass, ripup costs=300).
2026-09-15 00:55:07.613 INFO   [76EA1A\55F789] Fanout pass #4 on board '38206bc74909982f6de9130a588e6678' completed in 0.39 seconds with 2 SMD pins fanouted, 7 not routed, 0 insert errors, +0 extra vias (0 SMD pins still to check in pass, ripup costs=400).
2026-09-15 00:55:08.028 INFO   [76EA1A\55F789] Fanout pass #5 on board 'bcfca135d61ad98a605c63b2292731f1' completed in 0.40 seconds with 1 SMD pin fanouted, 7 not routed, 0 insert errors, +1 extra via (0 SMD pins still to check in pass, ripup costs=500).
2026-09-15 00:55:08.372 INFO   [76EA1A\55F789] Fanout pass #6 on board 'bcfca135d61ad98a605c63b2292731f1' completed in 0.34 seconds with 0 SMD pins fanouted, 7 not routed, 0 insert errors, +0 extra vias (0 SMD pins still to check in pass, ripup costs=600).
2026-09-15 00:55:08.449 INFO   [76EA1A\55F789] Fanout stage completed: started with 203 total SMD pins, completed in 8.96 seconds, escaped pins: 199/203 (98.0%), using 8.63 total CPU seconds, 38.17 GB total allocated, and 480.9 MB peak heap usage.
2026-09-15 00:55:08.466 INFO   [76EA1A\55F789] Auto-routing stage started on board 'bcfca135d61ad98a605c63b2292731f1' for 69 unrouted items.
2026-09-15 00:55:20.089 INFO   [76EA1A\55F789] Auto-routing pass #1 on board 'bcfca135d61ad98a605c63b2292731f1' was completed in 11.41 seconds with score 814.28 (28 unrouted and 16 violations), using 19.19 CPU seconds and the job allocated 93.25 GB of memory so far.
2026-09-15 00:55:27.555 INFO   [76EA1A\55F789] Auto-routing pass #2 on board '24483bfc95267a243ad60e9ee9a5a335' was completed in 7.16 seconds with score 873.80 (18 unrouted and 16 violations), using 26.89 CPU seconds and the job allocated 133.49 GB of memory so far.
2026-09-15 00:55:32.553 INFO   [76EA1A\55F789] Auto-routing pass #3 on board '1167358ef2037f202b9081ebb34bb7d5' was completed in 4.71 seconds with score 885.70 (16 unrouted and 16 violations), using 31.80 CPU seconds and the job allocated 158.64 GB of memory so far.
2026-09-15 00:55:37.429 INFO   [76EA1A\55F789] Auto-routing pass #4 on board '6e18698b6fd531ad326bbb7d67a74433' was completed in 4.51 seconds with score 909.51 (12 unrouted and 16 violations), using 35.69 CPU seconds and the job allocated 177.37 GB of memory so far.
2026-09-15 00:55:42.919 INFO   [76EA1A\55F789] Auto-routing pass #5 on board 'f1d7c7ecb0ed861e6200d8596d5b9125' was completed in 5.03 seconds with score 915.47 (11 unrouted and 16 violations), using 41.50 CPU seconds and the job allocated 199.74 GB of memory so far.
2026-09-15 00:55:46.729 INFO   [76EA1A\55F789] Auto-routing pass #6 on board '67dc9c197c5f140c1d6b62df21fc6600' was completed in 3.39 seconds with score 921.42 (10 unrouted and 16 violations), using 45.39 CPU seconds and the job allocated 217.05 GB of memory so far.
2026-09-15 00:55:50.167 INFO   [76EA1A\55F789] Auto-routing pass #7 on board '53fe4a562153174567af401994b7ea6e' was completed in 3.00 seconds with score 927.37 (9 unrouted and 16 violations), using 48.31 CPU seconds and the job allocated 230.13 GB of memory so far.
2026-09-15 00:55:53.244 INFO   [76EA1A\55F789] Auto-routing pass #8 on board '6943f316def0915c6e38b3bb78d8ee13' was completed in 2.63 seconds with score 927.37 (9 unrouted and 16 violations), using 51.20 CPU seconds and the job allocated 243.98 GB of memory so far.
2026-09-15 00:55:56.253 INFO   [76EA1A\55F789] Auto-routing pass #9 on board '67c242475b8e551ed92c1bb93c9053b8' was completed in 2.57 seconds with score 927.37 (9 unrouted and 16 violations), using 54.09 CPU seconds and the job allocated 259.05 GB of memory so far.
2026-09-15 00:55:59.259 INFO   [76EA1A\55F789] Auto-routing pass #10 on board '2c820562ee6ffcd9f7d76949f9b05bce' was completed in 2.62 seconds with score 927.37 (9 unrouted and 16 violations), using 57.06 CPU seconds and the job allocated 273.99 GB of memory so far.
2026-09-15 00:56:02.423 INFO   [76EA1A\55F789] Auto-routing pass #11 on board 'be5969d77a45bdb3db79b0abc2b1102f' was completed in 2.76 seconds with score 927.37 (9 unrouted and 16 violations), using 59.98 CPU seconds and the job allocated 288.13 GB of memory so far.
2026-09-15 00:56:05.562 INFO   [76EA1A\55F789] Auto-routing pass #12 on board '8986eb6c299769719bfabf53bb86ddbc' was completed in 2.47 seconds with score 927.37 (9 unrouted and 16 violations), using 63.97 CPU seconds and the job allocated 308.69 GB of memory so far.
2026-09-15 00:56:08.417 INFO   [76EA1A\55F789] Auto-routing pass #13 on board '3e754084dc9a01d43a8c0f5887627091' was completed in 2.50 seconds with score 927.37 (9 unrouted and 16 violations), using 65.94 CPU seconds and the job allocated 318.46 GB of memory so far.
2026-09-15 00:56:11.256 INFO   [76EA1A\55F789] Auto-routing pass #14 on board '3699d5075eef06b54740258bc91cd83b' was completed in 2.45 seconds with score 927.37 (9 unrouted and 16 violations), using 68.92 CPU seconds and the job allocated 333.12 GB of memory so far.
2026-09-15 00:56:14.263 INFO   [76EA1A\55F789] Auto-routing pass #15 on board '414239fd377bd34aad2359756d1dfbf0' was completed in 2.57 seconds with score 927.37 (9 unrouted and 16 violations), using 71.86 CPU seconds and the job allocated 347.57 GB of memory so far.
2026-09-15 00:56:17.311 INFO   [76EA1A\55F789] Auto-routing pass #16 on board '61dfcf72cdb7560297d581b8f48b1dae' was completed in 2.66 seconds with score 927.37 (9 unrouted and 16 violations), using 74.73 CPU seconds and the job allocated 362.19 GB of memory so far.
2026-09-15 00:56:20.128 INFO   [76EA1A\55F789] Auto-routing pass #17 on board 'c0f8d371e9bdb21ba091ae4398c89bc3' was completed in 2.44 seconds with score 927.37 (9 unrouted and 16 violations), using 77.67 CPU seconds and the job allocated 377.05 GB of memory so far.
2026-09-15 00:56:23.009 INFO   [76EA1A\55F789] Auto-routing pass #18 on board '27af0758dcc28b4fcbb84771e4e59b62' was completed in 2.52 seconds with score 927.37 (9 unrouted and 16 violations), using 80.58 CPU seconds and the job allocated 392.07 GB of memory so far.
2026-09-15 00:56:23.048 INFO   [76EA1A\55F789] The router's best score (927.37) has not improved by more than 0.5 points since pass #8. Stopping the auto-router after 18 passes (9 items still unconnected).
The following connections could not be routed -- please review your design (e.g. check pad clearances, trace width rules, and available routing space):
  Net 'GND' (8 unrouted connections):
    - R1-2  ->  J3-S1@3
    - J3-S1@3  ->  J3-A12
    - J3-S1@1  ->  J3-A1
    - J3-S1@1  ->  R2-2
    - R2-2  ->  J3-S1
    - J3-B12  ->  R3-2
    - J1-17  ->  J1-8
    - J3-S1@2  ->  J3-S1
  Net 'NFC_AC1' (1 unrouted connection):
    - ANT1-2  ->  ANT1-2@2
2026-09-15 00:56:23.430 INFO   [76EA1A\55F789] Auto-routing stage completed: started with 163 unrouted nets, completed in 84.03 seconds, final score: 927.37 (9 unrouted and 16 violations), using 80.58 total CPU seconds, 392.07 GB total allocated, and 614.5 MB peak heap usage.
2026-09-15 00:56:23.533 INFO   [76EA1A\55F789] Starting optimization on 1 thread...
2026-09-15 00:56:23.718 INFO   [76EA1A\55F789] Optimization stage started on board '0aefbb4979d598ad3bc683422f1ea1a8' with score 927.37 (9 unrouted and 16 violations).
2026-09-15 00:56:42.679 INFO   [76EA1A\55F789] Stopping optimization pass #1 early after 50 consecutive items could not be improved.
2026-09-15 00:56:42.872 INFO   [76EA1A\55F789] Optimizer pass #1 on board '1f84e68392b277324516c98cb293d188' was completed in 18.60 seconds with the score of 927.37 (9 unrouted and 16 violations).
2026-09-15 00:56:43.044 INFO   [76EA1A\55F789] Stopping optimizer because the improvement in this pass (0.0000%) is below the threshold (1.00%).
2026-09-15 00:56:43.221 INFO   [76EA1A\55F789] Optimization stage completed: started with score 927.37 (9 unrouted and 16 violations), completed in 19.33 seconds, final score: 927.37 (9 unrouted and 16 violations), using 18.73 total CPU seconds, 118.97 GB total allocated, and 453.8 MB peak heap usage.
2026-09-15 00:56:43.402 INFO   [76EA1A\55F789] Optimization was completed in 19.87 seconds with the score of 927.37 (9 unrouted and 16 violations).
2026-09-15 00:56:43.816 INFO   Saving 'badge.ses'...
