Determining PCB data.
Build STEP data.
Create PCB solid model.
Board outline: found 92 initial points.
Build board outlines (1 outlines) with 92 points.
Build board cutouts and holes (144 hole(s)).
Subtracting holes for shapes
Subtracting holes for pads
Subtracting holes for vias
Generate board full shape.
Writing STEP file.

*******************************************************************
******        Statistics on Transfer (Write)                 ******

*******************************************************************
******        Transfer Mode = 0  I.E.  As Is       ******
******        Transferring Shape, ShapeType = 0                      ******
** WorkSession : Sending all data
 Step File Name : $tempfile$.step(1330 ents)  Write  Done
STEP file 'D:\chroma-badge\agent-tools\audit-2026-09-14\run\kicad\board-only.step' created.

Export time 0.050 s
