joined duplicate pads with 0 tracks
repaired 0 gaps
ESP GND net-tie: 1
tied J1 pin 7 to GND: 0
battery-pocket GND via grid: 0
GND island stitch (any): added 0 vias, 0 islands still open
    could not stitch GND island layer=F.Cu#3 area=46.85 mm2 bbox=(55.5,49.3)-(77.7,54.8)
    could not stitch GND island layer=F.Cu#2 area=11.02 mm2 bbox=(50.4,53.3)-(58.3,59.2)
    could not stitch GND island layer=F.Cu#4 area=2.93 mm2 bbox=(52.6,51.4)-(55.1,53.6)
    could not stitch GND island layer=B.Cu#14 area=38.90 mm2 bbox=(55.6,48.5)-(62.7,57.0)
    could not stitch GND island layer=B.Cu#2 area=30.73 mm2 bbox=(52.6,56.3)-(67.0,75.8)
    could not stitch GND island layer=B.Cu#8 area=11.50 mm2 bbox=(36.1,62.0)-(44.5,70.3)
    could not stitch GND island layer=B.Cu#11 area=1.91 mm2 bbox=(51.0,56.5)-(52.0,59.1)
    could not stitch GND island layer=B.Cu#6 area=1.64 mm2 bbox=(37.6,67.7)-(39.9,71.8)
GND island stitch (to main): added 0 vias, 8 islands still open
leftover-to-main stitch: 0
cluster-overlap vias: 0
GND island jumpers: 0
via clearance nudge 0: moved 0; DRC: {}
GND pad stitch pass 0: 0 isolated GND pads; DRC: {}
final: 564 track segments, 128 vias; DRC (errors only): clean
