加载中...
构建电路板外框

创建板层
生成走线和过孔
创建填充区
构造工艺层
构造工艺层 11
构造工艺层 9
构造工艺层 15
构造工艺层 13
构造工艺层 7
构造工艺层 5
构造工艺层 3
构造工艺层 1
构造工艺层 17
构造工艺层 19
构造工艺层 21
构造工艺层 23
构造工艺层 39
构造工艺层 41
构造工艺层 43
构造工艺层 45
构造工艺层 47
构造工艺层 49
构造工艺层 51
构造工艺层 53
构造工艺层 55
构造工艺层 57
构造工艺层 59
构造工艺层 61
构造工艺层 63
构造工艺层 65
构造工艺层 67
构造工艺层 69
构造工艺层 71
构造工艺层 73
构造工艺层 75
构造工艺层 77
构造工艺层 79
构造工艺层 81
构造工艺层 83
构造工艺层 85
构造工艺层 87
构造工艺层 89
构造工艺层 91
构造工艺层 93
构造工艺层 95
构造工艺层 97
构造工艺层 99
构造工艺层 101
构造工艺层 103
构造工艺层 105
构造工艺层 107
构造工艺层 109
构造工艺层 111
构造工艺层 113
构造工艺层 115
构造工艺层 117
构造工艺层 119
构造工艺层 121
构造工艺层 123
构造工艺层 125
构造工艺层 127
简化铜层上的多边形
计算镀铜
简化通孔轮廓
为通孔和过孔构造 BVH (盲埋孔)
加载光线追踪: 电路板
加载光线追踪: 层
正在加载 3D 模型...
重新加载时间 0.288 s
渲染: 22 %
渲染: 46 %
渲染: 56 %
渲染: 68 %
渲染: 80 %
渲染: 98 %
渲染: 100 %
渲染: 后期处理着色器
渲染时间 2.653 s
成功创建 3D 渲染图像
