Processing badge-42c (platform: espressif32; board: esp32-c3-devkitm-1; framework: arduino)
--------------------------------------------------------------------------------
Verbose mode can be enabled via `-v, --verbose` option
CONFIGURATION: https://docs.platformio.org/page/boards/espressif32/esp32-c3-devkitm-1.html
PLATFORM: Espressif 32 (7.1.3) > Espressif ESP32-C3-DevKitM-1
HARDWARE: ESP32C3 160MHz, 320KB RAM, 4MB Flash
DEBUG: Current (cmsis-dap) External (cmsis-dap, esp-bridge, esp-builtin, esp-prog, iot-bus-jtag, jlink, minimodule, olimex-arm-usb-ocd, olimex-arm-usb-ocd-h, olimex-arm-usb-tiny-h, olimex-jtag-tiny, tumpa)
PACKAGES: 
 - framework-arduinoespressif32 @ 4.20017.260907+sha.dcc1105b 
 - tool-esptoolpy @ 2.41100.260830 (4.11.0) 
 - toolchain-riscv32-esp @ 8.4.0+2021r2-patch5
LDF: Library Dependency Finder -> https://bit.ly/configure-pio-ldf
LDF Modes: Finder ~ chain, Compatibility ~ soft
Found 33 compatible libraries
Scanning dependencies...
Dependency Graph
|-- SPI @ 2.0.0
|-- Wire @ 2.0.0
Building in release mode
Compiling D:\chroma-badge\agent-tools\review-20260914-234456\firmware-clean-build\badge-42c\src\epd.cpp.o
Compiling D:\chroma-badge\agent-tools\review-20260914-234456\firmware-clean-build\badge-42c\src\main.cpp.o
Compiling D:\chroma-badge\agent-tools\review-20260914-234456\firmware-clean-build\badge-42c\src\nfc.cpp.o
Building D:\chroma-badge\agent-tools\review-20260914-234456\firmware-clean-build\badge-42c\bootloader.bin
Generating partitions D:\chroma-badge\agent-tools\review-20260914-234456\firmware-clean-build\badge-42c\partitions.bin
Compiling D:\chroma-badge\agent-tools\review-20260914-234456\firmware-clean-build\badge-42c\lib8a5\SPI\SPI.cpp.o
Compiling D:\chroma-badge\agent-tools\review-20260914-234456\firmware-clean-build\badge-42c\liba0e\Wire\Wire.cpp.o
esptool.py v4.11.0
Creating esp32c3 image...
Merged 1 ELF section
Successfully created esp32c3 image.
Compiling D:\chroma-badge\agent-tools\review-20260914-234456\firmware-clean-build\badge-42c\FrameworkArduino\Esp.cpp.o
Compiling D:\chroma-badge\agent-tools\review-20260914-234456\firmware-clean-build\badge-42c\FrameworkArduino\FirmwareMSC.cpp.o
Compiling D:\chroma-badge\agent-tools\review-20260914-234456\firmware-clean-build\badge-42c\FrameworkArduino\FunctionalInterrupt.cpp.o
Compiling D:\chroma-badge\agent-tools\review-20260914-234456\firmware-clean-build\badge-42c\FrameworkArduino\HWCDC.cpp.o
Compiling D:\chroma-badge\agent-tools\review-20260914-234456\firmware-clean-build\badge-42c\FrameworkArduino\HardwareSerial.cpp.o
Compiling D:\chroma-badge\agent-tools\review-20260914-234456\firmware-clean-build\badge-42c\FrameworkArduino\IPAddress.cpp.o
Compiling D:\chroma-badge\agent-tools\review-20260914-234456\firmware-clean-build\badge-42c\FrameworkArduino\IPv6Address.cpp.o
Compiling D:\chroma-badge\agent-tools\review-20260914-234456\firmware-clean-build\badge-42c\FrameworkArduino\MD5Builder.cpp.o
Compiling D:\chroma-badge\agent-tools\review-20260914-234456\firmware-clean-build\badge-42c\FrameworkArduino\Print.cpp.o
Compiling D:\chroma-badge\agent-tools\review-20260914-234456\firmware-clean-build\badge-42c\FrameworkArduino\Stream.cpp.o
Compiling D:\chroma-badge\agent-tools\review-20260914-234456\firmware-clean-build\badge-42c\FrameworkArduino\StreamString.cpp.o
Compiling D:\chroma-badge\agent-tools\review-20260914-234456\firmware-clean-build\badge-42c\FrameworkArduino\Tone.cpp.o
Compiling D:\chroma-badge\agent-tools\review-20260914-234456\firmware-clean-build\badge-42c\FrameworkArduino\USB.cpp.o
Compiling D:\chroma-badge\agent-tools\review-20260914-234456\firmware-clean-build\badge-42c\FrameworkArduino\USBCDC.cpp.o
Compiling D:\chroma-badge\agent-tools\review-20260914-234456\firmware-clean-build\badge-42c\FrameworkArduino\USBMSC.cpp.o
Compiling D:\chroma-badge\agent-tools\review-20260914-234456\firmware-clean-build\badge-42c\FrameworkArduino\WMath.cpp.o
Compiling D:\chroma-badge\agent-tools\review-20260914-234456\firmware-clean-build\badge-42c\FrameworkArduino\WString.cpp.o
Compiling D:\chroma-badge\agent-tools\review-20260914-234456\firmware-clean-build\badge-42c\FrameworkArduino\base64.cpp.o
Compiling D:\chroma-badge\agent-tools\review-20260914-234456\firmware-clean-build\badge-42c\FrameworkArduino\cbuf.cpp.o
Compiling D:\chroma-badge\agent-tools\review-20260914-234456\firmware-clean-build\badge-42c\FrameworkArduino\esp32-hal-adc.c.o
Compiling D:\chroma-badge\agent-tools\review-20260914-234456\firmware-clean-build\badge-42c\FrameworkArduino\esp32-hal-bt.c.o
Compiling D:\chroma-badge\agent-tools\review-20260914-234456\firmware-clean-build\badge-42c\FrameworkArduino\esp32-hal-cpu.c.o
Compiling D:\chroma-badge\agent-tools\review-20260914-234456\firmware-clean-build\badge-42c\FrameworkArduino\esp32-hal-dac.c.o
Compiling D:\chroma-badge\agent-tools\review-20260914-234456\firmware-clean-build\badge-42c\FrameworkArduino\esp32-hal-gpio.c.o
Compiling D:\chroma-badge\agent-tools\review-20260914-234456\firmware-clean-build\badge-42c\FrameworkArduino\esp32-hal-i2c-slave.c.o
Archiving D:\chroma-badge\agent-tools\review-20260914-234456\firmware-clean-build\badge-42c\lib8a5\libSPI.a
Archiving D:\chroma-badge\agent-tools\review-20260914-234456\firmware-clean-build\badge-42c\liba0e\libWire.a
Compiling D:\chroma-badge\agent-tools\review-20260914-234456\firmware-clean-build\badge-42c\FrameworkArduino\esp32-hal-i2c.c.o
Compiling D:\chroma-badge\agent-tools\review-20260914-234456\firmware-clean-build\badge-42c\FrameworkArduino\esp32-hal-ledc.c.o
Compiling D:\chroma-badge\agent-tools\review-20260914-234456\firmware-clean-build\badge-42c\FrameworkArduino\esp32-hal-matrix.c.o
Compiling D:\chroma-badge\agent-tools\review-20260914-234456\firmware-clean-build\badge-42c\FrameworkArduino\esp32-hal-misc.c.o
Compiling D:\chroma-badge\agent-tools\review-20260914-234456\firmware-clean-build\badge-42c\FrameworkArduino\esp32-hal-psram.c.o
Compiling D:\chroma-badge\agent-tools\review-20260914-234456\firmware-clean-build\badge-42c\FrameworkArduino\esp32-hal-rgb-led.c.o
Compiling D:\chroma-badge\agent-tools\review-20260914-234456\firmware-clean-build\badge-42c\FrameworkArduino\esp32-hal-rmt.c.o
Compiling D:\chroma-badge\agent-tools\review-20260914-234456\firmware-clean-build\badge-42c\FrameworkArduino\esp32-hal-sigmadelta.c.o
Compiling D:\chroma-badge\agent-tools\review-20260914-234456\firmware-clean-build\badge-42c\FrameworkArduino\esp32-hal-spi.c.o
Compiling D:\chroma-badge\agent-tools\review-20260914-234456\firmware-clean-build\badge-42c\FrameworkArduino\esp32-hal-time.c.o
Compiling D:\chroma-badge\agent-tools\review-20260914-234456\firmware-clean-build\badge-42c\FrameworkArduino\esp32-hal-timer.c.o
Compiling D:\chroma-badge\agent-tools\review-20260914-234456\firmware-clean-build\badge-42c\FrameworkArduino\esp32-hal-tinyusb.c.o
Compiling D:\chroma-badge\agent-tools\review-20260914-234456\firmware-clean-build\badge-42c\FrameworkArduino\esp32-hal-touch.c.o
Compiling D:\chroma-badge\agent-tools\review-20260914-234456\firmware-clean-build\badge-42c\FrameworkArduino\esp32-hal-uart.c.o
Compiling D:\chroma-badge\agent-tools\review-20260914-234456\firmware-clean-build\badge-42c\FrameworkArduino\firmware_msc_fat.c.o
Compiling D:\chroma-badge\agent-tools\review-20260914-234456\firmware-clean-build\badge-42c\FrameworkArduino\libb64\cdecode.c.o
Compiling D:\chroma-badge\agent-tools\review-20260914-234456\firmware-clean-build\badge-42c\FrameworkArduino\libb64\cencode.c.o
Compiling D:\chroma-badge\agent-tools\review-20260914-234456\firmware-clean-build\badge-42c\FrameworkArduino\main.cpp.o
Compiling D:\chroma-badge\agent-tools\review-20260914-234456\firmware-clean-build\badge-42c\FrameworkArduino\stdlib_noniso.c.o
Compiling D:\chroma-badge\agent-tools\review-20260914-234456\firmware-clean-build\badge-42c\FrameworkArduino\wiring_pulse.c.o
Compiling D:\chroma-badge\agent-tools\review-20260914-234456\firmware-clean-build\badge-42c\FrameworkArduino\wiring_shift.c.o
Archiving D:\chroma-badge\agent-tools\review-20260914-234456\firmware-clean-build\badge-42c\libFrameworkArduino.a
Linking D:\chroma-badge\agent-tools\review-20260914-234456\firmware-clean-build\badge-42c\firmware.elf
Retrieving maximum program size D:\chroma-badge\agent-tools\review-20260914-234456\firmware-clean-build\badge-42c\firmware.elf
Checking size D:\chroma-badge\agent-tools\review-20260914-234456\firmware-clean-build\badge-42c\firmware.elf
Advanced Memory Usage is available via "PlatformIO Home > Project Inspect"
RAM:   [          ]   4.7% (used 15312 bytes from 327680 bytes)
Flash: [==        ]  21.6% (used 283588 bytes from 1310720 bytes)
Building D:\chroma-badge\agent-tools\review-20260914-234456\firmware-clean-build\badge-42c\firmware.bin
esptool.py v4.11.0
Creating esp32c3 image...
Merged 3 ELF sections
Successfully created esp32c3 image.
========================= [SUCCESS] Took 6.95 seconds =========================
